### made by yehuohan

find --set-root /BOOT/GRUB/submenu.lst

### Display
graphicsmode -1 320:1366 100:1000 24:32 || graphicsmode -1 -1 -1 24:32
splashimage /boot/grub/bg.bmp
color normal=0x03 highlight=0x04 helptext=0x0A heading=0x0F standard=0x0F border=0x00
font /boot/grub/font.hex
# 屏蔽版本信息
call Fn.0 0x40000 "!BAT\necho -P:0000 $[0000]\t\t\t\t\t\t\t\t\t\0" && initscript (md)0x200+1

#MENUSETTING [字间距] [行间距] [边框宽度] [注释行起始行数] [菜单可显示最多行数] [菜单行起始行数] [菜单行宽度] [菜单行起始列数]
MenuSetting 1 6 0 n 12 9 80 48
hotkey -nb

timeout -1
default 0

### titles

title [0] Start PE from ISO \n 从(ISO)镜像启动PE
find --set-root /iso/PE.iso
map /iso/PE.iso (0xff) || map --mem /iso/PE.iso (0xff)
map --hook
chainloader (0xff)

title     Start PE from Wos \n 从分区wos中启动PE
find --set-root /wosbootmgr
chainloader /wosbootmgr


title [1] Install windows \n 从(ISO)镜像启动Windows安装程序
configfile ()/boot/grub/win.lst


title [2] Install ubuntu lts \n
configfile ()/boot/grub/ubuntu.lst


title [3] Install arch-linux \n
configfile ()/boot/grub/arch.lst


title [4] Install little Linux \n
configfile ()/boot/grub/littleLinux.lst


title [5] start MAXDOS9 \n
configfile ()/boot/grub/max.lst


title [R] Reboot \n 重启
reboot

title [H] Halt \n 关闭计算机
halt

